[aerofloez.wixsite.com/mysite.html]
[static.parastorage.com/unpkg/core-js-bundle@3.2.1/minified.js]
[static.parastorage.com/unpkg/focus-within-polyfill@5.0.9/dist/focus-within-polyfill.js]
[backblue.gif]
[fade.gif]
[index.html]
[polyfill.io/v3/polyfill.mind82c.js]
[browser.sentry-cdn.com/6.19.1/bundle.tracing.min.js]
[aerofloez.wixsite.com/decodeURIComponent(e]
[aerofloez.wixsite.com/sitemap.xml]
[aerofloez.wixsite.com/feed.xml]
[static.parastorage.com/services/wix-thunderbolt/dist/bootstrap-features.f1f51e9a.bundle.min.js]
[static.parastorage.com/services/wix-thunderbolt/dist/main.961007fd.bundle.min.js]
[static.parastorage.com/unpkg/lodash@4.17.21/lodash.min.js]
[static.parastorage.com/unpkg/react@16.13.1/umd/react.production.min.js]
[static.parastorage.com/services/tag-manager-client/1.427.0/siteTags.bundle.min.js]
[static.parastorage.com/services/wix-perf-measure/1.728.0/wix-perf-measure.bundle.min.js]
[aerofloez.wixsite.com/index.html]
[static.parastorage.com/unpkg/react-dom@16.13.1/umd/react-dom.production.min.js]
[aerofloez.wixsite.com/da6c52cb.min.css]
[aerofloez.wixsite.com/aa613bd1.min.css]
[aerofloez.wixsite.com/b604fd33.min.css]
[aerofloez.wixsite.com/version/index.html]
[aerofloez.wixsite.com/5b26625f.min.12.delayed]
[aerofloez.wixsite.com/7e67efc9.chunk.min.js]
[aerofloez.wixsite.com/rb_wixui.thunderbolt_bootstrap.02e885a0.chunk.min.js]
[aerofloez.wixsite.com/rb_wixui.thunderbolt_bootstrap-classic.776fccb5.chunk.min.css]
[aerofloez.wixsite.com/rb_wixui.thunderbolt_bootstrap-classic.7e67efc9.chunk.min.js]
[static.wixstatic.com/media/8caa28_92ad6a774da844ee84c7d4d32866bec5_mv2.gif]
[static.wixstatic.com/media/59687ffffc2042f885062ce2b0744381.png/v1/fill/w_39,h_39,al_c,usm_0.66_1.00_0.01,blur_3,enc_auto/59687ffffc2042f885062ce2b0744381.png]
[static.wixstatic.com/media/8caa28_6db23898082f47c5b282bf4c27033435_mv2.png/v1/fill/w_59,h_33,al_c,usm_0.66_1.00_0.01,blur_3,enc_auto/Discord-Logo.png]
[static.wixstatic.com/media/8caa28_3ba29a6b4e634016a5a192bf5c90d83e_mv2.png/v1/fill/w_84,h_84,al_c,usm_0.66_1.00_0.01,blur_2,enc_auto/MetaMechs_PNG.png]
[static.wixstatic.com/media/8caa28_3c987316c381487891b414f69674dc75_mv2.png/v1/crop/x_51,y_0,w_507,h_609/fill/w_108,h_129,al_c,usm_0.66_1.00_0.01,blur_2,enc_auto/MetaMech.png]
[static.wixstatic.com/media/8caa28_a6515a08ee714b97b1eb3d0f5b7271e7_mv2.jpg/v1/crop/x_84,y_0,w_833,h_1000/fill/w_108,h_129,al_c,q_80,usm_0.66_1.00_0.01,blur_2,enc_auto/example_edited.jpg]
[static.wixstatic.com/media/8caa28_8a8f265b0b684b85bbad1cab8434398e_mv2.png/v1/crop/x_84,y_0,w_833,h_1000/fill/w_108,h_129,al_c,usm_0.66_1.00_0.01,blur_2,enc_auto/153.png]
[static.wixstatic.com/media/8caa28_9ac464278a444d52866300c32ba11007_mv2.png/v1/crop/x_84,y_0,w_833,h_1000/fill/w_108,h_129,al_c,usm_0.66_1.00_0.01,blur_2,enc_auto/154.png]
[static.wixstatic.com/media/8caa28_dea5f48690a7416e863efe6a9723b76e_mv2.png/v1/fill/w_168,h_112,al_c,usm_0.66_1.00_0.01,blur_2,enc_auto/Rarity chart - head.png]
[static.wixstatic.com/media/8caa28_75ec0521e47f4510bea07cb06f30d302_mv2.png/v1/fill/w_168,h_112,al_c,usm_0.66_1.00_0.01,blur_2,enc_auto/Rarity chart - legs.png]
[static.wixstatic.com/media/8caa28_088dd8abe3e24214811e5fc166e5b1f2_mv2.png/v1/fill/w_168,h_112,al_c,usm_0.66_1.00_0.01,blur_2,enc_auto/Rarity chart - mechs.png]
[static.wixstatic.com/media/8caa28_baa2ff153ebf4526a6f74a77a71c3237_mv2.png/v1/fill/w_168,h_112,al_c,usm_0.66_1.00_0.01,blur_2,enc_auto/Rarity chart - arms.png]
[static.wixstatic.com/media/8caa28_17f2f9e5eb83475fbb57d355f9dd9820_mv2.png/v1/fill/w_168,h_112,al_c,usm_0.66_1.00_0.01,blur_2,enc_auto/Rarity chart - items.png]
[aerofloez.wixsite.com/mysite.html]
[aerofloez.wixsite.com/decodeURIComponent(e.html]
[aerofloez.wixsite.com/sitemap.html]
[aerofloez.wixsite.com/feed.html]
[aerofloez.wixsite.com/index.html]
[aerofloez.wixsite.com/version/index.html]
[aerofloez.wixsite.com/da6c52cb.min.html]
[aerofloez.wixsite.com/aa613bd1.min.html]
[aerofloez.wixsite.com/b604fd33.min.html]
[aerofloez.wixsite.com/5b26625f.min.html]
[aerofloez.wixsite.com/7e67efc9.chunk.min.html]
[aerofloez.wixsite.com/rb_wixui.thunderbolt_bootstrap.02e885a0.chunk.min.html]
[aerofloez.wixsite.com/rb_wixui.thunderbolt_bootstrap-classic.776fccb5.chunk.min.html]
[aerofloez.wixsite.com/rb_wixui.thunderbolt_bootstrap-classic.7e67efc9.chunk.min.html]
