[metamechs.wixsite.com/official.html]
[static.parastorage.com/unpkg/core-js-bundle@3.2.1/minified.js]
[static.parastorage.com/unpkg/focus-within-polyfill@5.0.9/dist/focus-within-polyfill.js]
[backblue.gif]
[fade.gif]
[index.html]
[polyfill.io/v3/polyfill.mind82c.js]
[browser.sentry-cdn.com/6.18.2/bundle.min.js]
[metamechs.wixsite.com/decodeURIComponent(e]
[metamechs.wixsite.com/sitemap.xml]
[metamechs.wixsite.com/feed.xml]
[static.parastorage.com/services/wix-thunderbolt/dist/bootstrap-features.394138e5.bundle.min.js]
[static.parastorage.com/services/wix-thunderbolt/dist/main.63b344ca.bundle.min.js]
[static.parastorage.com/unpkg/lodash@4.17.21/lodash.min.js]
[static.parastorage.com/unpkg/react@16.13.1/umd/react.production.min.js]
[static.parastorage.com/services/tag-manager-client/1.427.0/siteTags.bundle.min.js]
[static.parastorage.com/services/wix-perf-measure/1.741.0/wix-perf-measure.bundle.min.js]
[static.parastorage.com/unpkg/react-dom@16.13.1/umd/react-dom.production.min.js]
[metamechs.wixsite.com/da6c52cb.min.css]
[metamechs.wixsite.com/index.html]
[metamechs.wixsite.com/aa613bd1.min.10.delayed]
[metamechs.wixsite.com/b604fd33.min.css]
[metamechs.wixsite.com/5b26625f.min.css]
[metamechs.wixsite.com/cf91636b.chunk.min.js]
[metamechs.wixsite.com/version/index.html]
[metamechs.wixsite.com/rb_wixui.thunderbolt_bootstrap-classic.b0b327cb.chunk.min.js]
[metamechs.wixsite.com/rb_wixui.thunderbolt_bootstrap.7c1e0d7b.chunk.min.css]
[metamechs.wixsite.com/rb_wixui.thunderbolt_bootstrap.cf91636b.chunk.min.js]
[static.wixstatic.com/media/8caa28_92ad6a774da844ee84c7d4d32866bec5_mv2.gif]
[static.wixstatic.com/media/59687ffffc2042f885062ce2b0744381.png/v1/fill/w_39,h_39,al_c,q_85,usm_0.66_1.00_0.01,blur_3,enc_auto/59687ffffc2042f885062ce2b0744381.png]
[static.wixstatic.com/media/8caa28_6db23898082f47c5b282bf4c27033435_mv2.png/v1/fill/w_59,h_33,al_c,q_85,usm_0.66_1.00_0.01,blur_3,enc_auto/Discord-Logo.png]
[static.wixstatic.com/media/8caa28_3ba29a6b4e634016a5a192bf5c90d83e_mv2.png/v1/fill/w_84,h_84,al_c,q_85,usm_0.66_1.00_0.01,blur_2,enc_auto/MetaMechs_PNG.png]
[static.wixstatic.com/media/8caa28_dea5f48690a7416e863efe6a9723b76e_mv2.png/v1/fill/w_168,h_112,al_c,q_85,usm_0.66_1.00_0.01,blur_2,enc_auto/Rarity chart - head.png]
[static.wixstatic.com/media/8caa28_75ec0521e47f4510bea07cb06f30d302_mv2.png/v1/fill/w_168,h_112,al_c,q_85,usm_0.66_1.00_0.01,blur_2,enc_auto/Rarity chart - legs.png]
[static.wixstatic.com/media/8caa28_088dd8abe3e24214811e5fc166e5b1f2_mv2.png/v1/fill/w_168,h_112,al_c,q_85,usm_0.66_1.00_0.01,blur_2,enc_auto/Rarity chart - mechs.png]
[static.wixstatic.com/media/8caa28_baa2ff153ebf4526a6f74a77a71c3237_mv2.png/v1/fill/w_168,h_112,al_c,q_85,usm_0.66_1.00_0.01,blur_2,enc_auto/Rarity chart - arms.png]
[static.wixstatic.com/media/8caa28_17f2f9e5eb83475fbb57d355f9dd9820_mv2.png/v1/fill/w_168,h_112,al_c,q_85,usm_0.66_1.00_0.01,blur_2,enc_auto/Rarity chart - items.png]
[metamechs.wixsite.com/official.html]
[metamechs.wixsite.com/decodeURIComponent(e.html]
[metamechs.wixsite.com/sitemap.html]
[metamechs.wixsite.com/feed.html]
[metamechs.wixsite.com/index.html]
[metamechs.wixsite.com/version/index.html]
[metamechs.wixsite.com/da6c52cb.min.html]
[metamechs.wixsite.com/aa613bd1.min.html]
[metamechs.wixsite.com/b604fd33.min.html]
[metamechs.wixsite.com/5b26625f.min.html]
[metamechs.wixsite.com/cf91636b.chunk.min.html]
[metamechs.wixsite.com/rb_wixui.thunderbolt_bootstrap-classic.b0b327cb.chunk.min.html]
[metamechs.wixsite.com/rb_wixui.thunderbolt_bootstrap.7c1e0d7b.chunk.min.html]
[metamechs.wixsite.com/rb_wixui.thunderbolt_bootstrap.cf91636b.chunk.min.html]
